// Jest Snapshot v1, https://goo.gl/fbAQLP

exports[`ESLint 9.0.0 9.0.0_error.mjs 1`] = `
[
  {
    "filePath": "9.0.0_error.js",
    "messages": [
      {
        "line": 5,
        "ruleId": "no-useless-assignment",
        "severity": 2,
      },
    ],
  },
]
`;
