// Jest Snapshot v1, https://goo.gl/fbAQLP

exports[`ESLint 8.0.0 8.0.0_error.mjs 1`] = `
[
  {
    "filePath": "8.0.0_error.mjs",
    "messages": [
      {
        "line": 3,
        "ruleId": "class-methods-use-this",
        "severity": 1,
      },
      {
        "line": 7,
        "ruleId": "class-methods-use-this",
        "severity": 1,
      },
    ],
  },
]
`;

exports[`ESLint 8.1.0 8.1.0_error.js 1`] = `
[
  {
    "filePath": "8.1.0_error.js",
    "messages": [
      {
        "line": 6,
        "ruleId": "no-unused-private-class-members",
        "severity": 2,
      },
      {
        "line": 8,
        "ruleId": "no-unused-private-class-members",
        "severity": 2,
      },
      {
        "line": 12,
        "ruleId": "no-unused-private-class-members",
        "severity": 2,
      },
      {
        "line": 14,
        "ruleId": "no-unused-private-class-members",
        "severity": 2,
      },
    ],
  },
]
`;

exports[`ESLint 8.5.0 8.5.0_error.js 1`] = `
[
  {
    "filePath": "8.5.0_error.js",
    "messages": [
      {
        "line": 9,
        "ruleId": "prefer-object-has-own",
        "severity": 2,
      },
    ],
  },
]
`;
