// Jest Snapshot v1, https://goo.gl/fbAQLP

exports[`no-prototype-builtins_error.js 1`] = `
Array [
  Object {
    "filePath": "no-prototype-builtins_error.js",
    "messages": Array [
      Object {
        "line": 11,
        "ruleId": "no-prototype-builtins",
        "severity": 2,
      },
    ],
  },
]
`;
