// Jest Snapshot v1, https://goo.gl/fbAQLP

exports[`no-prototype-builtins_error.mjs 1`] = `
[
  {
    "filePath": "no-prototype-builtins_error.mjs",
    "messages": [
      {
        "line": 9,
        "ruleId": "no-prototype-builtins",
        "severity": 2,
      },
    ],
  },
]
`;
