// Jest Snapshot v1, https://goo.gl/fbAQLP

exports[`padding-lines_error.mjs 1`] = `
[
  {
    "filePath": "padding-lines_error.mjs",
    "messages": [
      {
        "line": 13,
        "ruleId": "vars-on-top",
        "severity": 2,
      },
      {
        "line": 17,
        "ruleId": "vars-on-top",
        "severity": 2,
      },
    ],
  },
]
`;
